2025-11-21 20:03:09 - apscheduler.scheduler - INFO - Adding job tentatively -- it will be properly scheduled when the scheduler starts
2025-11-21 20:03:09 - apscheduler.scheduler - INFO - Adding job tentatively -- it will be properly scheduled when the scheduler starts
2025-11-21 20:03:09 - apscheduler.scheduler - INFO - Adding job tentatively -- it will be properly scheduled when the scheduler starts
2025-11-21 20:03:09 - apscheduler.scheduler - INFO - Added job "Cleanup old location history" to job store "default"
2025-11-21 20:03:09 - apscheduler.scheduler - INFO - Added job "Check for inactive buses" to job store "default"
2025-11-21 20:03:09 - apscheduler.scheduler - INFO - Added job "Auto-end expired assignments" to job store "default"
2025-11-21 20:03:09 - apscheduler.scheduler - INFO - Scheduler started
2025-11-21 20:08:09 - apscheduler.executors.default - INFO - Running job "Check for inactive buses (trigger: interval[0:05:00], next run at: 2025-11-21 20:13:09 WAT)" (scheduled at 2025-11-21 20:08:09.051481+01:00)
2025-11-21 20:08:09 - apscheduler.executors.default - INFO - Job "Check for inactive buses (trigger: interval[0:05:00], next run at: 2025-11-21 20:13:09 WAT)" executed successfully
2025-11-21 20:13:09 - apscheduler.executors.default - INFO - Running job "Check for inactive buses (trigger: interval[0:05:00], next run at: 2025-11-21 20:18:09 WAT)" (scheduled at 2025-11-21 20:13:09.051481+01:00)
2025-11-21 20:13:09 - apscheduler.executors.default - INFO - Job "Check for inactive buses (trigger: interval[0:05:00], next run at: 2025-11-21 20:18:09 WAT)" executed successfully
2025-11-21 20:18:09 - apscheduler.executors.default - INFO - Running job "Check for inactive buses (trigger: interval[0:05:00], next run at: 2025-11-21 20:23:09 WAT)" (scheduled at 2025-11-21 20:18:09.051481+01:00)
2025-11-21 20:18:09 - apscheduler.executors.default - INFO - Job "Check for inactive buses (trigger: interval[0:05:00], next run at: 2025-11-21 20:23:09 WAT)" executed successfully
2025-11-21 20:23:09 - apscheduler.executors.default - INFO - Running job "Check for inactive buses (trigger: interval[0:05:00], next run at: 2025-11-21 20:28:09 WAT)" (scheduled at 2025-11-21 20:23:09.051481+01:00)
2025-11-21 20:23:09 - apscheduler.executors.default - INFO - Job "Check for inactive buses (trigger: interval[0:05:00], next run at: 2025-11-21 20:28:09 WAT)" executed successfully
2025-11-21 20:26:04 - apscheduler.scheduler - INFO - Scheduler has been shut down
2025-11-21 20:26:08 - apscheduler.scheduler - INFO - Adding job tentatively -- it will be properly scheduled when the scheduler starts
2025-11-21 20:26:08 - apscheduler.scheduler - INFO - Adding job tentatively -- it will be properly scheduled when the scheduler starts
2025-11-21 20:26:08 - apscheduler.scheduler - INFO - Adding job tentatively -- it will be properly scheduled when the scheduler starts
2025-11-21 20:26:08 - apscheduler.scheduler - INFO - Added job "Cleanup old location history" to job store "default"
2025-11-21 20:26:08 - apscheduler.scheduler - INFO - Added job "Check for inactive buses" to job store "default"
2025-11-21 20:26:08 - apscheduler.scheduler - INFO - Added job "Auto-end expired assignments" to job store "default"
2025-11-21 20:26:08 - apscheduler.scheduler - INFO - Scheduler started
2025-11-21 20:26:10 - apscheduler.scheduler - INFO - Scheduler has been shut down
2025-11-21 20:26:15 - apscheduler.scheduler - INFO - Adding job tentatively -- it will be properly scheduled when the scheduler starts
2025-11-21 20:26:15 - apscheduler.scheduler - INFO - Adding job tentatively -- it will be properly scheduled when the scheduler starts
2025-11-21 20:26:15 - apscheduler.scheduler - INFO - Adding job tentatively -- it will be properly scheduled when the scheduler starts
2025-11-21 20:26:15 - apscheduler.scheduler - INFO - Added job "Cleanup old location history" to job store "default"
2025-11-21 20:26:15 - apscheduler.scheduler - INFO - Added job "Check for inactive buses" to job store "default"
2025-11-21 20:26:15 - apscheduler.scheduler - INFO - Added job "Auto-end expired assignments" to job store "default"
2025-11-21 20:26:15 - apscheduler.scheduler - INFO - Scheduler started
2025-11-21 20:26:17 - apscheduler.scheduler - INFO - Scheduler has been shut down
2025-11-21 20:26:26 - apscheduler.scheduler - INFO - Adding job tentatively -- it will be properly scheduled when the scheduler starts
2025-11-21 20:26:26 - apscheduler.scheduler - INFO - Adding job tentatively -- it will be properly scheduled when the scheduler starts
2025-11-21 20:26:26 - apscheduler.scheduler - INFO - Adding job tentatively -- it will be properly scheduled when the scheduler starts
2025-11-21 20:26:26 - apscheduler.scheduler - INFO - Added job "Cleanup old location history" to job store "default"
2025-11-21 20:26:26 - apscheduler.scheduler - INFO - Added job "Check for inactive buses" to job store "default"
2025-11-21 20:26:26 - apscheduler.scheduler - INFO - Added job "Auto-end expired assignments" to job store "default"
2025-11-21 20:26:26 - apscheduler.scheduler - INFO - Scheduler started
2025-11-21 20:31:26 - apscheduler.executors.default - INFO - Running job "Check for inactive buses (trigger: interval[0:05:00], next run at: 2025-11-21 20:36:26 WAT)" (scheduled at 2025-11-21 20:31:26.227089+01:00)
2025-11-21 20:31:26 - apscheduler.executors.default - INFO - Job "Check for inactive buses (trigger: interval[0:05:00], next run at: 2025-11-21 20:36:26 WAT)" executed successfully
2025-11-21 20:36:26 - apscheduler.executors.default - INFO - Running job "Check for inactive buses (trigger: interval[0:05:00], next run at: 2025-11-21 20:41:26 WAT)" (scheduled at 2025-11-21 20:36:26.227089+01:00)
2025-11-21 20:36:26 - apscheduler.executors.default - INFO - Job "Check for inactive buses (trigger: interval[0:05:00], next run at: 2025-11-21 20:41:26 WAT)" executed successfully
2025-11-21 20:40:26 - apscheduler.scheduler - INFO - Scheduler has been shut down
2025-11-21 20:40:32 - apscheduler.scheduler - INFO - Adding job tentatively -- it will be properly scheduled when the scheduler starts
2025-11-21 20:40:32 - apscheduler.scheduler - INFO - Adding job tentatively -- it will be properly scheduled when the scheduler starts
2025-11-21 20:40:32 - apscheduler.scheduler - INFO - Adding job tentatively -- it will be properly scheduled when the scheduler starts
2025-11-21 20:40:32 - apscheduler.scheduler - INFO - Added job "Cleanup old location history" to job store "default"
2025-11-21 20:40:32 - apscheduler.scheduler - INFO - Added job "Check for inactive buses" to job store "default"
2025-11-21 20:40:32 - apscheduler.scheduler - INFO - Added job "Auto-end expired assignments" to job store "default"
2025-11-21 20:40:32 - apscheduler.scheduler - INFO - Scheduler started
2025-11-21 20:40:53 - apscheduler.scheduler - INFO - Scheduler has been shut down
2025-11-21 20:40:58 - apscheduler.scheduler - INFO - Adding job tentatively -- it will be properly scheduled when the scheduler starts
2025-11-21 20:40:58 - apscheduler.scheduler - INFO - Adding job tentatively -- it will be properly scheduled when the scheduler starts
2025-11-21 20:40:58 - apscheduler.scheduler - INFO - Adding job tentatively -- it will be properly scheduled when the scheduler starts
2025-11-21 20:40:58 - apscheduler.scheduler - INFO - Added job "Cleanup old location history" to job store "default"
2025-11-21 20:40:58 - apscheduler.scheduler - INFO - Added job "Check for inactive buses" to job store "default"
2025-11-21 20:40:58 - apscheduler.scheduler - INFO - Added job "Auto-end expired assignments" to job store "default"
2025-11-21 20:40:58 - apscheduler.scheduler - INFO - Scheduler started
2025-11-21 20:45:58 - apscheduler.executors.default - INFO - Running job "Check for inactive buses (trigger: interval[0:05:00], next run at: 2025-11-21 20:50:58 WAT)" (scheduled at 2025-11-21 20:45:58.881093+01:00)
2025-11-21 20:45:59 - apscheduler.executors.default - INFO - Job "Check for inactive buses (trigger: interval[0:05:00], next run at: 2025-11-21 20:50:58 WAT)" executed successfully
2025-11-21 20:50:58 - apscheduler.executors.default - INFO - Running job "Check for inactive buses (trigger: interval[0:05:00], next run at: 2025-11-21 20:55:58 WAT)" (scheduled at 2025-11-21 20:50:58.881093+01:00)
2025-11-21 20:50:58 - apscheduler.executors.default - INFO - Job "Check for inactive buses (trigger: interval[0:05:00], next run at: 2025-11-21 20:55:58 WAT)" executed successfully
2025-11-21 20:55:58 - apscheduler.executors.default - INFO - Running job "Check for inactive buses (trigger: interval[0:05:00], next run at: 2025-11-21 21:00:58 WAT)" (scheduled at 2025-11-21 20:55:58.881093+01:00)
2025-11-21 20:55:59 - apscheduler.executors.default - INFO - Job "Check for inactive buses (trigger: interval[0:05:00], next run at: 2025-11-21 21:00:58 WAT)" executed successfully
2025-11-21 21:00:58 - apscheduler.executors.default - INFO - Running job "Check for inactive buses (trigger: interval[0:05:00], next run at: 2025-11-21 21:05:58 WAT)" (scheduled at 2025-11-21 21:00:58.881093+01:00)
2025-11-21 21:00:58 - apscheduler.executors.default - INFO - Job "Check for inactive buses (trigger: interval[0:05:00], next run at: 2025-11-21 21:05:58 WAT)" executed successfully
2025-11-21 21:05:58 - apscheduler.executors.default - INFO - Running job "Check for inactive buses (trigger: interval[0:05:00], next run at: 2025-11-21 21:10:58 WAT)" (scheduled at 2025-11-21 21:05:58.881093+01:00)
2025-11-21 21:05:59 - apscheduler.executors.default - INFO - Job "Check for inactive buses (trigger: interval[0:05:00], next run at: 2025-11-21 21:10:58 WAT)" executed successfully
2025-11-21 21:06:16 - apscheduler.scheduler - INFO - Scheduler has been shut down
2025-11-21 23:11:31 - apscheduler.scheduler - INFO - Adding job tentatively -- it will be properly scheduled when the scheduler starts
2025-11-21 23:11:31 - apscheduler.scheduler - INFO - Adding job tentatively -- it will be properly scheduled when the scheduler starts
2025-11-21 23:11:31 - apscheduler.scheduler - INFO - Adding job tentatively -- it will be properly scheduled when the scheduler starts
2025-11-21 23:11:31 - apscheduler.scheduler - INFO - Added job "Cleanup old location history" to job store "default"
2025-11-21 23:11:31 - apscheduler.scheduler - INFO - Added job "Check for inactive buses" to job store "default"
2025-11-21 23:11:31 - apscheduler.scheduler - INFO - Added job "Auto-end expired assignments" to job store "default"
2025-11-21 23:11:31 - apscheduler.scheduler - INFO - Scheduler started
2025-11-21 23:13:13 - apscheduler.scheduler - INFO - Scheduler has been shut down
